******************************************************************************
                  TI ARM Linker PC v18.12.4                    
******************************************************************************
>> Linked Sun Feb  2 01:12:54 2020

OUTPUT FILE NAME:   <tm4c123_firmware.out>
ENTRY POINT SYMBOL: "_c_int00_noargs"  address: 0000047d


MEMORY CONFIGURATION

         name            origin    length      used     unused   attr    fill
----------------------  --------  ---------  --------  --------  ----  --------
  FLASH                 00000000   00040000  0000052c  0003fad4  R  X
  SRAM                  20000000   00008000  00000201  00007dff  RW X


SEGMENT ALLOCATION MAP

run origin  load origin   length   init length attrs members
----------  ----------- ---------- ----------- ----- -------
00000000    00000000    0000052c   0000052c    r-x
  00000000    00000000    0000026c   0000026c    r-- .intvecs
  0000026c    0000026c    00000280   00000280    r-x .text
  000004ec    000004ec    0000002c   0000002c    r-- .const
  00000518    00000518    00000014   00000014    r-- .cinit
20000000    20000000    00000201   00000000    rw-
  20000000    20000000    00000200   00000000    rw- .stack
  20000200    20000200    00000001   00000000    rw- .bss


SECTION ALLOCATION MAP

 output                                  attributes/
section   page    origin      length       input sections
--------  ----  ----------  ----------   ----------------
.intvecs   0    00000000    0000026c     
                  00000000    0000026c     tm4c123gh6pm_startup_ccs.obj (.intvecs)

.text      0    0000026c    00000280     
                  0000026c    000000e4     nvic.obj (.text)
                  00000350    0000008c     SysCtr.obj (.text)
                  000003dc    0000005c     processor.obj (.text)
                  00000438    00000044     rtsv7M4_T_le_v4SPD16_eabi.lib : autoinit.c.obj (.text:__TI_auto_init_nobinit_nopinit:__TI_auto_init_nobinit_nopinit)
                  0000047c    00000034                                   : boot_cortex_m.c.obj (.text:_c_int00_noargs:_c_int00_noargs)
                  000004b0    0000001c                                   : copy_zero_init.c.obj (.text:decompress:ZI:__TI_zero_init_nomemset:__TI_zero_init_nomemset)
                  000004cc    0000000c     lab_00_nvic.obj (.text)
                  000004d8    0000000c     tm4c123gh6pm_startup_ccs.obj (.text)
                  000004e4    00000004     rtsv7M4_T_le_v4SPD16_eabi.lib : pre_init.c.obj (.text:_system_pre_init)
                  000004e8    00000004                                   : exit.c.obj (.text:abort:abort)

.const     0    000004ec    0000002c     
                  000004ec    00000014     nvic_lcfg.obj (.const:NVIC_CfgArr)
                  00000500    00000010     SysCtr_cfg.obj (.const:.string:au8_Opened_gates_for_peripherals)
                  00000510    00000008     SysCtr_cfg.obj (.const:gSysCtr_cfg)

.cinit     0    00000518    00000014     
                  00000518    00000008     (.cinit..bss.load) [load image, compression = zero_init]
                  00000520    00000004     (__TI_handler_table)
                  00000524    00000008     (__TI_cinit_table)

.init_array 
*          0    00000000    00000000     UNINITIALIZED

.bss       0    20000200    00000001     UNINITIALIZED
                  20000200    00000001     (.common:gPROCESSOR_ModeType_Mode_Buffer)

.stack     0    20000000    00000200     UNINITIALIZED
                  20000000    00000004     rtsv7M4_T_le_v4SPD16_eabi.lib : boot_cortex_m.c.obj (.stack)
                  20000004    000001fc     --HOLE--

MODULE SUMMARY

       Module                         code   ro data   rw data
       ------                         ----   -------   -------
    .\
       tm4c123gh6pm_startup_ccs.obj   12     620       0      
    +--+------------------------------+------+---------+---------+
       Total:                         12     620       0      
                                                              
    .\appl\
       lab_00_nvic.obj                12     0         0      
    +--+------------------------------+------+---------+---------+
       Total:                         12     0         0      
                                                              
    .\config\
       SysCtr_cfg.obj                 0      24        0      
       nvic_lcfg.obj                  0      20        0      
    +--+------------------------------+------+---------+---------+
       Total:                         0      44        0      
                                                              
    .\mcal\SysCtr\
       SysCtr.obj                     140    0         0      
    +--+------------------------------+------+---------+---------+
       Total:                         140    0         0      
                                                              
    .\mcal\nvic\
       nvic.obj                       228    0         0      
    +--+------------------------------+------+---------+---------+
       Total:                         228    0         0      
                                                              
    .\utils\processor\
       processor.obj                  92     0         1      
    +--+------------------------------+------+---------+---------+
       Total:                         92     0         1      
                                                              
    D:\CC\ccs\tools\compiler\ti-cgt-arm_18.12.4.LTS\lib\rtsv7M4_T_le_v4SPD16_eabi.lib
       autoinit.c.obj                 68     0         0      
       boot_cortex_m.c.obj            52     0         0      
       copy_zero_init.c.obj           28     0         0      
       exit.c.obj                     4      0         0      
       pre_init.c.obj                 4      0         0      
    +--+------------------------------+------+---------+---------+
       Total:                         156    0         0      
                                                              
       Stack:                         0      0         512    
       Linker Generated:              0      20        0      
    +--+------------------------------+------+---------+---------+
       Grand Total:                   640    684       513    


LINKER GENERATED COPY TABLES

__TI_cinit_table @ 00000524 records: 1, size/record: 8, table size: 8
	.bss: load addr=00000518, load size=00000008 bytes, run addr=20000200, run size=00000001 bytes, compression=zero_init


LINKER GENERATED HANDLER TABLE

__TI_handler_table @ 00000520 records: 1, size/record: 4, table size: 4
	index: 0, handler: __TI_zero_init


GLOBAL SYMBOLS: SORTED ALPHABETICALLY BY Name 

address   name                            
-------   ----                            
000004e9  C$$EXIT                         
000004ec  NVIC_CfgArr                     
0000026d  NVIC_init                       
00000417  PROCESSOR_SvcHandler            
000003ef  PROCESSOR_disableGlobalInt      
000003dd  PROCESSOR_enableGlobalInt       
00000401  PROCESSOR_switchMode            
000004d9  ResetISR                        
000003c1  SysCtr_getSysClockFreq          
00000351  SysCtr_init                     
20000200  __STACK_END                     
00000200  __STACK_SIZE                    
20000200  __STACK_TOP                     
00000524  __TI_CINIT_Base                 
0000052c  __TI_CINIT_Limit                
00000520  __TI_Handler_Table_Base         
00000524  __TI_Handler_Table_Limit        
00000439  __TI_auto_init_nobinit_nopinit  
ffffffff  __TI_pprof_out_hndl             
ffffffff  __TI_prof_data_size             
ffffffff  __TI_prof_data_start            
00000000  __TI_static_base__              
000004b1  __TI_zero_init_nomemset         
ffffffff  __binit__                       
ffffffff  __c_args__                      
UNDEFED   __mpu_init                      
20000000  __stack                         
0000047d  _c_int00_noargs                 
UNDEFED   _system_post_cinit              
000004e5  _system_pre_init                
000004e9  abort                           
00000500  au8_Opened_gates_for_peripherals
ffffffff  binit                           
20000200  gPROCESSOR_ModeType_Mode_Buffer 
00000510  gSysCtr_cfg                     
00000000  g_pfnVectors                    
000004cd  main                            


GLOBAL SYMBOLS: SORTED BY Symbol Address 

address   name                            
-------   ----                            
00000000  __TI_static_base__              
00000000  g_pfnVectors                    
00000200  __STACK_SIZE                    
0000026d  NVIC_init                       
00000351  SysCtr_init                     
000003c1  SysCtr_getSysClockFreq          
000003dd  PROCESSOR_enableGlobalInt       
000003ef  PROCESSOR_disableGlobalInt      
00000401  PROCESSOR_switchMode            
00000417  PROCESSOR_SvcHandler            
00000439  __TI_auto_init_nobinit_nopinit  
0000047d  _c_int00_noargs                 
000004b1  __TI_zero_init_nomemset         
000004cd  main                            
000004d9  ResetISR                        
000004e5  _system_pre_init                
000004e9  C$$EXIT                         
000004e9  abort                           
000004ec  NVIC_CfgArr                     
00000500  au8_Opened_gates_for_peripherals
00000510  gSysCtr_cfg                     
00000520  __TI_Handler_Table_Base         
00000524  __TI_CINIT_Base                 
00000524  __TI_Handler_Table_Limit        
0000052c  __TI_CINIT_Limit                
20000000  __stack                         
20000200  __STACK_END                     
20000200  __STACK_TOP                     
20000200  gPROCESSOR_ModeType_Mode_Buffer 
ffffffff  __TI_pprof_out_hndl             
ffffffff  __TI_prof_data_size             
ffffffff  __TI_prof_data_start            
ffffffff  __binit__                       
ffffffff  __c_args__                      
ffffffff  binit                           
UNDEFED   __mpu_init                      
UNDEFED   _system_post_cinit              

[37 symbols]
