******************************************************************************
                  TI ARM Linker PC v18.12.4                    
******************************************************************************
>> Linked Wed Jan 29 08:50:43 2020

OUTPUT FILE NAME:   <tm4c123_firmware.out>
ENTRY POINT SYMBOL: "_c_int00_noargs"  address: 0000040d


MEMORY CONFIGURATION

         name            origin    length      used     unused   attr    fill
----------------------  --------  ---------  --------  --------  ----  --------
  FLASH                 00000000   00040000  000004a0  0003fb60  R  X
  SRAM                  20000000   00008000  00000201  00007dff  RW X


SEGMENT ALLOCATION MAP

run origin  load origin   length   init length attrs members
----------  ----------- ---------- ----------- ----- -------
00000000    00000000    000004a4   000004a4    r-x
  00000000    00000000    0000026c   0000026c    r-- .intvecs
  0000026c    0000026c    0000020c   0000020c    r-x .text
  00000478    00000478    00000014   00000014    r-- .const
  00000490    00000490    00000014   00000014    r-- .cinit
20000000    20000000    00000201   00000000    rw-
  20000000    20000000    00000200   00000000    rw- .stack
  20000200    20000200    00000001   00000000    rw- .bss


SECTION ALLOCATION MAP

 output                                  attributes/
section   page    origin      length       input sections
--------  ----  ----------  ----------   ----------------
.intvecs   0    00000000    0000026c     
                  00000000    0000026c     tm4c123gh6pm_startup_ccs.obj (.intvecs)

.text      0    0000026c    0000020c     
                  0000026c    00000100     nvic.obj (.text)
                  0000036c    0000005c     processor.obj (.text)
                  000003c8    00000044     rtsv7M4_T_le_v4SPD16_eabi.lib : autoinit.c.obj (.text:__TI_auto_init_nobinit_nopinit:__TI_auto_init_nobinit_nopinit)
                  0000040c    00000034                                   : boot_cortex_m.c.obj (.text:_c_int00_noargs:_c_int00_noargs)
                  00000440    0000001c                                   : copy_zero_init.c.obj (.text:decompress:ZI:__TI_zero_init_nomemset:__TI_zero_init_nomemset)
                  0000045c    0000000c     tm4c123gh6pm_startup_ccs.obj (.text)
                  00000468    00000008     lab_00_nvic.obj (.text)
                  00000470    00000004     rtsv7M4_T_le_v4SPD16_eabi.lib : pre_init.c.obj (.text:_system_pre_init)
                  00000474    00000004                                   : exit.c.obj (.text:abort:abort)

.const     0    00000478    00000014     
                  00000478    00000014     nvic_lcfg.obj (.const:NVIC_CfgArr)

.cinit     0    00000490    00000014     
                  00000490    00000008     (.cinit..bss.load) [load image, compression = zero_init]
                  00000498    00000004     (__TI_handler_table)
                  0000049c    00000008     (__TI_cinit_table)

.init_array 
*          0    00000000    00000000     UNINITIALIZED

.bss       0    20000200    00000001     UNINITIALIZED
                  20000200    00000001     (.common:gPROCESSOR_ModeType_Mode_Buffer)

.stack     0    20000000    00000200     UNINITIALIZED
                  20000000    00000004     rtsv7M4_T_le_v4SPD16_eabi.lib : boot_cortex_m.c.obj (.stack)
                  20000004    000001fc     --HOLE--

MODULE SUMMARY

       Module                         code   ro data   rw data
       ------                         ----   -------   -------
    .\
       tm4c123gh6pm_startup_ccs.obj   12     620       0      
    +--+------------------------------+------+---------+---------+
       Total:                         12     620       0      
                                                              
    .\appl\
       lab_00_nvic.obj                8      0         0      
    +--+------------------------------+------+---------+---------+
       Total:                         8      0         0      
                                                              
    .\config\
       nvic_lcfg.obj                  0      20        0      
    +--+------------------------------+------+---------+---------+
       Total:                         0      20        0      
                                                              
    .\mcal\nvic\
       nvic.obj                       256    0         0      
    +--+------------------------------+------+---------+---------+
       Total:                         256    0         0      
                                                              
    .\utils\processor\
       processor.obj                  92     0         1      
    +--+------------------------------+------+---------+---------+
       Total:                         92     0         1      
                                                              
    D:\CC\ccs\tools\compiler\ti-cgt-arm_18.12.4.LTS\lib\rtsv7M4_T_le_v4SPD16_eabi.lib
       autoinit.c.obj                 68     0         0      
       boot_cortex_m.c.obj            52     0         0      
       copy_zero_init.c.obj           28     0         0      
       exit.c.obj                     4      0         0      
       pre_init.c.obj                 4      0         0      
    +--+------------------------------+------+---------+---------+
       Total:                         156    0         0      
                                                              
       Stack:                         0      0         512    
       Linker Generated:              0      20        0      
    +--+------------------------------+------+---------+---------+
       Grand Total:                   524    660       513    


LINKER GENERATED COPY TABLES

__TI_cinit_table @ 0000049c records: 1, size/record: 8, table size: 8
	.bss: load addr=00000490, load size=00000008 bytes, run addr=20000200, run size=00000001 bytes, compression=zero_init


LINKER GENERATED HANDLER TABLE

__TI_handler_table @ 00000498 records: 1, size/record: 4, table size: 4
	index: 0, handler: __TI_zero_init


GLOBAL SYMBOLS: SORTED ALPHABETICALLY BY Name 

address   name                           
-------   ----                           
00000475  C$$EXIT                        
00000478  NVIC_CfgArr                    
0000026d  NVIC_init                      
000003a7  PROCESSOR_SvcHandler           
0000037f  PROCESSOR_disableGlobalInt     
0000036d  PROCESSOR_enableGlobalInt      
00000391  PROCESSOR_switchMode           
0000045d  ResetISR                       
20000200  __STACK_END                    
00000200  __STACK_SIZE                   
20000200  __STACK_TOP                    
0000049c  __TI_CINIT_Base                
000004a4  __TI_CINIT_Limit               
00000498  __TI_Handler_Table_Base        
0000049c  __TI_Handler_Table_Limit       
000003c9  __TI_auto_init_nobinit_nopinit 
ffffffff  __TI_pprof_out_hndl            
ffffffff  __TI_prof_data_size            
ffffffff  __TI_prof_data_start           
00000000  __TI_static_base__             
00000441  __TI_zero_init_nomemset        
ffffffff  __binit__                      
ffffffff  __c_args__                     
UNDEFED   __mpu_init                     
20000000  __stack                        
0000040d  _c_int00_noargs                
UNDEFED   _system_post_cinit             
00000471  _system_pre_init               
00000475  abort                          
ffffffff  binit                          
20000200  gPROCESSOR_ModeType_Mode_Buffer
00000000  g_pfnVectors                   
00000469  main                           


GLOBAL SYMBOLS: SORTED BY Symbol Address 

address   name                           
-------   ----                           
00000000  __TI_static_base__             
00000000  g_pfnVectors                   
00000200  __STACK_SIZE                   
0000026d  NVIC_init                      
0000036d  PROCESSOR_enableGlobalInt      
0000037f  PROCESSOR_disableGlobalInt     
00000391  PROCESSOR_switchMode           
000003a7  PROCESSOR_SvcHandler           
000003c9  __TI_auto_init_nobinit_nopinit 
0000040d  _c_int00_noargs                
00000441  __TI_zero_init_nomemset        
0000045d  ResetISR                       
00000469  main                           
00000471  _system_pre_init               
00000475  C$$EXIT                        
00000475  abort                          
00000478  NVIC_CfgArr                    
00000498  __TI_Handler_Table_Base        
0000049c  __TI_CINIT_Base                
0000049c  __TI_Handler_Table_Limit       
000004a4  __TI_CINIT_Limit               
20000000  __stack                        
20000200  __STACK_END                    
20000200  __STACK_TOP                    
20000200  gPROCESSOR_ModeType_Mode_Buffer
ffffffff  __TI_pprof_out_hndl            
ffffffff  __TI_prof_data_size            
ffffffff  __TI_prof_data_start           
ffffffff  __binit__                      
ffffffff  __c_args__                     
ffffffff  binit                          
UNDEFED   __mpu_init                     
UNDEFED   _system_post_cinit             

[33 symbols]
